Testing tenant: Juan Trujillo
prisma:error 
Invalid `any).electronicInvoiceTransmission.count()` invocation in
C:\Users\Jumez\OneDrive\Escritorio\Programacion\Ferreteria\test-transmission.ts:19:75

  16 const prisma = getTenantPrisma(tenant.databaseUrl)
  17 
  18 try {
ÔåÆ 19     const count = await (prisma as any).electronicInvoiceTransmission.count(
The table `tenant_nayeli_vinos.ElectronicInvoiceTransmission` does not exist in the current database.
node.exe : Error 
querying 
transmissions: 
En línea: 1 Carácter: 
1
+ & "C:\Program Files\
nodejs/node.exe" 
"C:\Program 
Files\nodejs/node_mo 
...
+ ~~~~~~~~~~~~~~~~~~~~
~~~~~~~~~~~~~~~~~~~~~~
~~~~~~~~~~~~~~~~~~~~~~
~~~~~
    + CategoryInfo    
          : NotSpeci  
  fied: (Error quer   
 ying transmission    
s: :String) [], R    
emoteException
    + FullyQualifiedE 
   rrorId : NativeCo  
  mmandError
 
Invalid `any).electron
icInvoiceTransmission.
count()` invocation in
C:\Users\Jumez\OneDriv
e\Escritorio\Programac
ion\Ferreteria\test-tr
ansmission.ts:19:75

  16 const prisma = ge
tTenantPrisma(tenant.d
atabaseUrl)
  17 
  18 try {
ÔåÆ 19     const 
count = await (prisma 
as any).electronicInvo
iceTransmission.count(
The table `tenant_naye
li_vinos.ElectronicInv
oiceTransmission` 
does not exist in the 
current database.
