app/api/credit-notes/[id]/transmit/route.ts(3,35): error TS2307: Cannot find module '@/lib/api-middleware' or its corresponding type declarations.
app/api/credit-notes/[id]/transmit/route.ts(4,29): error TS2307: Cannot find module '@/lib/permissions' or its corresponding type declarations.
app/api/credit-notes/[id]/transmit/route.ts(5,54): error TS2307: Cannot find module '@/lib/tenancy' or its corresponding type declarations.
app/api/credit-notes/[id]/transmit/route.ts(6,24): error TS2307: Cannot find module '@/lib/logger' or its corresponding type declarations.
app/api/credit-notes/[id]/transmit/route.ts(40,60): error TS7006: Parameter 'prisma' implicitly has an 'any' type.
app/api/credit-notes/[id]/transmit/route.ts(66,58): error TS1323: Dynamic imports are only supported when the '--module' flag is set to 'es2020', 'es2022', 'esnext', 'commonjs', 'amd', 'system', 'umd', 'node16', 'node18', 'node20', or 'nodenext'.
app/api/credit-notes/[id]/transmit/route.ts(66,65): error TS2307: Cannot find module '@/lib/alegra/credit-note-transmission' or its corresponding type declarations.
app/api/invoices/[id]/payments/route.ts(2,35): error TS2307: Cannot find module '@/lib/api-middleware' or its corresponding type declarations.
app/api/invoices/[id]/payments/route.ts(3,29): error TS2307: Cannot find module '@/lib/permissions' or its corresponding type declarations.
app/api/invoices/[id]/payments/route.ts(4,54): error TS2307: Cannot find module '@/lib/tenancy' or its corresponding type declarations.
app/api/invoices/[id]/payments/route.ts(6,29): error TS2307: Cannot find module '@/lib/activity' or its corresponding type declarations.
app/api/invoices/[id]/payments/route.ts(7,24): error TS2307: Cannot find module '@/lib/logger' or its corresponding type declarations.
app/api/invoices/[id]/payments/route.ts(46,56): error TS7006: Parameter 'prisma' implicitly has an 'any' type.
app/api/invoices/[id]/payments/route.ts(55,50): error TS7006: Parameter 'sum' implicitly has an 'any' type.
app/api/invoices/[id]/payments/route.ts(55,55): error TS7006: Parameter 'p' implicitly has an 'any' type.
app/api/invoices/[id]/payments/route.ts(142,5): error TS1323: Dynamic imports are only supported when the '--module' flag is set to 'es2020', 'es2022', 'esnext', 'commonjs', 'amd', 'system', 'umd', 'node16', 'node18', 'node20', or 'nodenext'.
app/api/invoices/[id]/payments/route.ts(142,12): error TS2307: Cannot find module '@/lib/accounting/payment-integration' or its corresponding type declarations.
app/api/invoices/[id]/returns/route.ts(3,35): error TS2307: Cannot find module '@/lib/api-middleware' or its corresponding type declarations.
app/api/invoices/[id]/returns/route.ts(4,29): error TS2307: Cannot find module '@/lib/permissions' or its corresponding type declarations.
app/api/invoices/[id]/returns/route.ts(5,54): error TS2307: Cannot find module '@/lib/tenancy' or its corresponding type declarations.
app/api/invoices/[id]/returns/route.ts(6,24): error TS2307: Cannot find module '@/lib/logger' or its corresponding type declarations.
app/api/invoices/[id]/returns/route.ts(7,29): error TS2307: Cannot find module '@/lib/activity' or its corresponding type declarations.
app/api/invoices/[id]/returns/route.ts(8,48): error TS2307: Cannot find module '@/lib/credit-note-service' or its corresponding type declarations.
app/api/invoices/[id]/returns/route.ts(66,56): error TS7006: Parameter 'prisma' implicitly has an 'any' type.
app/api/invoices/[id]/returns/route.ts(114,59): error TS2339: Property 'id' does not exist on type '{}'.
app/api/invoices/[id]/returns/route.ts(115,35): error TS2339: Property 'quantity' does not exist on type '{}'.
app/api/invoices/[id]/returns/route.ts(118,33): error TS2339: Property 'unitPrice' does not exist on type '{}'.
app/api/invoices/[id]/returns/route.ts(118,59): error TS2339: Property 'discount' does not exist on type '{}'.
app/api/invoices/[id]/returns/route.ts(119,52): error TS2339: Property 'taxRate' does not exist on type '{}'.
app/api/invoices/[id]/returns/route.ts(123,34): error TS2339: Property 'id' does not exist on type '{}'.
app/api/invoices/[id]/returns/route.ts(126,30): error TS2339: Property 'productId' does not exist on type '{}'.
app/api/invoices/[id]/returns/route.ts(127,30): error TS2339: Property 'variantId' does not exist on type '{}'.
app/api/pos/sale/route.ts(2,35): error TS2307: Cannot find module '@/lib/api-middleware' or its corresponding type declarations.
app/api/pos/sale/route.ts(3,29): error TS2307: Cannot find module '@/lib/permissions' or its corresponding type declarations.
app/api/pos/sale/route.ts(4,24): error TS2307: Cannot find module '@/lib/logger' or its corresponding type declarations.
app/api/pos/sale/route.ts(6,27): error TS2307: Cannot find module '@/lib/numbers' or its corresponding type declarations.
app/api/pos/sale/route.ts(7,46): error TS2307: Cannot find module '@/lib/inventory' or its corresponding type declarations.
app/api/pos/sale/route.ts(8,29): error TS2307: Cannot find module '@/lib/activity' or its corresponding type declarations.
app/api/pos/sale/route.ts(9,39): error TS2307: Cannot find module '@/lib/recipes' or its corresponding type declarations.
app/api/pos/sale/route.ts(10,28): error TS2307: Cannot find module '@/lib/jobs/queue' or its corresponding type declarations.
app/api/pos/sale/route.ts(12,40): error TS2307: Cannot find module '@/lib/db' or its corresponding type declarations.
app/api/pos/sale/route.ts(13,30): error TS2307: Cannot find module '@/lib/tenancy' or its corresponding type declarations.
app/api/pos/sale/route.ts(14,53): error TS2307: Cannot find module '@/lib/taxes' or its corresponding type declarations.
app/api/pos/sale/route.ts(15,29): error TS2307: Cannot find module '@/lib/error-handler' or its corresponding type declarations.
app/api/pos/sale/route.ts(187,33): error TS7006: Parameter 't' implicitly has an 'any' type.
app/api/pos/sale/route.ts(281,38): error TS7006: Parameter 't' implicitly has an 'any' type.
app/api/pos/sale/route.ts(490,9): error TS1323: Dynamic imports are only supported when the '--module' flag is set to 'es2020', 'es2022', 'esnext', 'commonjs', 'amd', 'system', 'umd', 'node16', 'node18', 'node20', or 'nodenext'.
app/api/pos/sale/route.ts(490,16): error TS2307: Cannot find module '@/lib/accounting/invoice-integration' or its corresponding type declarations.
app/api/pos/sale/route.ts(499,9): error TS1323: Dynamic imports are only supported when the '--module' flag is set to 'es2020', 'es2022', 'esnext', 'commonjs', 'amd', 'system', 'umd', 'node16', 'node18', 'node20', or 'nodenext'.
app/api/pos/sale/route.ts(499,16): error TS2307: Cannot find module '@/lib/accounting/inventory-integration' or its corresponding type declarations.
app/api/purchases/orders/route.ts(2,35): error TS2307: Cannot find module '@/lib/api-middleware' or its corresponding type declarations.
app/api/purchases/orders/route.ts(3,29): error TS2307: Cannot find module '@/lib/permissions' or its corresponding type declarations.
app/api/purchases/orders/route.ts(4,46): error TS2307: Cannot find module '@/lib/tenancy' or its corresponding type declarations.
app/api/purchases/orders/route.ts(6,37): error TS2307: Cannot find module '@/lib/date-only' or its corresponding type declarations.
app/api/purchases/orders/route.ts(7,27): error TS2307: Cannot find module '@/lib/numbers' or its corresponding type declarations.
app/api/purchases/orders/route.ts(8,29): error TS2307: Cannot find module '@/lib/activity' or its corresponding type declarations.
app/api/purchases/orders/route.ts(44,58): error TS7006: Parameter 'prisma' implicitly has an 'any' type.
app/api/purchases/orders/route.ts(138,55): error TS7006: Parameter 'prisma' implicitly has an 'any' type.
app/api/purchases/receipts/route.ts(2,35): error TS2307: Cannot find module '@/lib/api-middleware' or its corresponding type declarations.
app/api/purchases/receipts/route.ts(3,29): error TS2307: Cannot find module '@/lib/permissions' or its corresponding type declarations.
app/api/purchases/receipts/route.ts(4,46): error TS2307: Cannot find module '@/lib/tenancy' or its corresponding type declarations.
app/api/purchases/receipts/route.ts(5,24): error TS2307: Cannot find module '@/lib/logger' or its corresponding type declarations.
app/api/purchases/receipts/route.ts(7,27): error TS2307: Cannot find module '@/lib/numbers' or its corresponding type declarations.
app/api/purchases/receipts/route.ts(8,53): error TS2307: Cannot find module '@/lib/inventory' or its corresponding type declarations.
app/api/purchases/receipts/route.ts(9,29): error TS2307: Cannot find module '@/lib/activity' or its corresponding type declarations.
app/api/purchases/receipts/route.ts(43,58): error TS7006: Parameter 'prisma' implicitly has an 'any' type.
app/api/purchases/receipts/route.ts(99,47): error TS7006: Parameter 'receipt' implicitly has an 'any' type.
app/api/purchases/receipts/route.ts(100,45): error TS7006: Parameter 'sum' implicitly has an 'any' type.
app/api/purchases/receipts/route.ts(100,50): error TS7006: Parameter 'item' implicitly has an 'any' type.
app/api/purchases/receipts/route.ts(150,56): error TS7006: Parameter 'prisma' implicitly has an 'any' type.
app/api/purchases/receipts/route.ts(230,56): error TS1323: Dynamic imports are only supported when the '--module' flag is set to 'es2020', 'es2022', 'esnext', 'commonjs', 'amd', 'system', 'umd', 'node16', 'node18', 'node20', or 'nodenext'.
app/api/purchases/receipts/route.ts(230,63): error TS2307: Cannot find module '@/lib/accounting/inventory-integration' or its corresponding type declarations.
